<html>
<body>
<pre>
<h1>礦ision Build Log</h1>
<h2>Tool Versions:</h2>
IDE-Version: μVision V5.28.0.0
Copyright (C) 2019 ARM Ltd and ARM Germany GmbH. All rights reserved.
License Information: 1 HM-06, 1, LIC=JL28G-VIR9N-WFYI7-EHSSM-DQA6A-8A0D3
 
Tool Versions:
Toolchain:       MDK-ARM Plus  Version: 5.28.0.0
Toolchain Path:  D:\01_SoftWare\keil5\ARM\ARMCC\Bin
C Compiler:      Armcc.exe V5.06 update 6 (build 750)
Assembler:       Armasm.exe V5.06 update 6 (build 750)
Linker/Locator:  ArmLink.exe V5.06 update 6 (build 750)
Library Manager: ArmAr.exe V5.06 update 6 (build 750)
Hex Converter:   FromElf.exe V5.06 update 6 (build 750)
CPU DLL:         SARM.DLL V5.28.0.0
Dialog DLL:      DARMATS9.DLL V1.22.0.0
Target DLL:      Segger\JLTAgdi.dll V1.61.0.0
Dialog DLL:      TARMATS9.DLL V1.21.0.0
 
<h2>Project:</h2>
C:\Users\HM-06\Desktop\测试OK的例程(Desktop)\F1C100S-TVD\Project\F1C100S.uvproj
Project File Date:  05/11/2023

<h2>Output:</h2>
*** Using Compiler 'V5.06 update 6 (build 750)', folder: 'D:\01_SoftWare\keil5\ARM\ARMCC\Bin'
Build target 'F1C100S'
compiling sys_lcd.c...
linking...
Program Size: Code=15812 RO-data=48 RW-data=15616 ZI-data=5586252  
After Build - User command #1: fromelf --bin ".\obj\F1C100S.axf" --output ".\obj\F1C100S.bin"
After Build - User command #2: ..\Project\EXEC ..\Project\obj\F1C100S.bin ..\Project\f1c100s.bin
开始校验EXEC...
输入地址：..\Project\obj\F1C100S.bin
输出地址：..\Project\f1c100s.bin
START...
输入文件大小 =22560
补齐512-添加 =448
文件头大小 =32
总共文件大小 =23040
成功...
".\obj\F1C100S.axf" - 0 Error(s), 0 Warning(s).
Build Time Elapsed:  00:00:01
</pre>
</body>
</html>
